// Jest Snapshot v1, https://goo.gl/fbAQLP

exports[`Overview Component renders correctly 1`] = `null`;

exports[`renders correctly 1`] = `
<div>
  <div>
    <div
      className="product_info_reviews"
    >
      <div>
        This product has 4 stars reviews
      </div>
      <button>
        Read all reviews
      </button>
    </div>
    <div>
      Jackets
    </div>
    <div>
      Camo Onesie
    </div>
    <div>
      140
    </div>
    <h4>
      Blend in to your crowd
    </h4>
    <div>
      The So Fatigues will wake you up and fit you in. This high energy camo will have you blending in to even the wildest surroundings.
    </div>
    <ul>
      <li>
        Rubber Sole
      </li>
      <li>
        FullControlSkin Material
      </li>
    </ul>
    <button>
      Add to My Outfit
    </button>
  </div>
  <div
    className="product_overview_style_selector"
  >
    <div>
      <div>
        This is the style number 
        1
         
      </div>
      <img
        src="https://i1.adis.ws/i/boohooamplience/mzz12456_grey_xl_3?$product_image_main_mobile$&fmt=webp"
      />
    </div>
    <div>
      <div>
        This is the style number 
        1
         
      </div>
      <img
        src="https://i1.adis.ws/i/boohooamplience/mzz12456_grey_xl_3?$product_image_main_mobile$&fmt=webp"
      />
    </div>
    <div>
      <div>
        This is the style number 
        1
         
      </div>
      <img
        src="https://i1.adis.ws/i/boohooamplience/mzz12456_grey_xl_3?$product_image_main_mobile$&fmt=webp"
      />
    </div>
  </div>
</div>
`;
