// Jest Snapshot v1, https://goo.gl/fbAQLP

exports[`Questions & Answers module renders correctly 1`] = `
<div>
  <h1>
    Questions & Answers
  </h1>
</div>
`;

exports[`Questions & Answwers module renders correctly 1`] = `
<div>
  <h1>
    Questions & Answers
  </h1>
  <div>
    <form
      onSubmit={[Function]}
    >
      <input
        type="text"
      />
      <button
        type="submit"
      >
        Search
      </button>
    </form>
  </div>
  <div>
    <div>
      <button>
         More Answered Questions 
      </button>
      <button
        onClick={[Function]}
      >
         Add Question + 
      </button>
    </div>
  </div>
</div>
`;
