// Jest Snapshot v1, https://goo.gl/fbAQLP

exports[`Ratings Breakdown renders correctly 1`] = `
<div
  id="ratings-breakdown"
>
  <h3>
    Ratings Breakdown
  </h3>
  <div>
    Average Rating: 
  </div>
  <div>
    Total Reviews: 
  </div>
  <br />
  <div
    id="rec-percent"
  >
    % of reviewers recommend this product
  </div>
  <br />
  <div />
  <br />
  <div>
    <h3>
      Product Breakdown
    </h3>
    <div
      id="char-div"
    />
  </div>
</div>
`;

exports[`Reviews Module renders correctly 1`] = `
<div>
  <h2>
     Ratings Module 
  </h2>
  <div
    id="ratings-breakdown"
  >
    <h3>
      Ratings Breakdown
    </h3>
    <div>
      Average Rating: 
    </div>
    <div>
      Total Reviews: 
    </div>
    <br />
    <div
      id="rec-percent"
    >
      % of reviewers recommend this product
    </div>
    <br />
    <div />
    <br />
    <div>
      <h3>
        Product Breakdown
      </h3>
      <div
        id="char-div"
      >
        <div />
      </div>
    </div>
  </div>
  <div
    id="reviews-list"
  >
    <h3>
      Reviews List
    </h3>
    <div>
      <label>
        Sort on: 
      </label>
      <select
        id="sort-type"
        onChange={[Function]}
      >
        <option
          value="relevant"
        >
          Relevant
        </option>
        <option
          value="newest"
        >
          Newest
        </option>
        <option
          value="helpful"
        >
          Helpful
        </option>
      </select>
    </div>
    <ul
      id="reviews"
    >
      <div
        id="review"
      >
        <h4>
          **********
        </h4>
        <div>
          Avgerage Rating: 
        </div>
        <div>
          Date Reviewed: 
        </div>
        <div>
          User: 
        </div>
        <h4 />
        <div />
        <div>
          <div />
        </div>
        <div />
        <div />
        <div>
          Helpfulness: 
        </div>
      </div>
    </ul>
  </div>
  <div
    id="main-buttons"
  >
    <button
      onClick={[Function]}
    >
      Add Review
    </button>
    <button
      disabled={true}
      onClick={[Function]}
    >
      More Reviews
    </button>
  </div>
</div>
`;

exports[`Submit Review renders correctly 1`] = `null`;
